vector lmultiply(int, vector)
vector lmultiply(real, vector)
vector lmultiply(vector, int)
vector lmultiply(vector, real)
vector lmultiply(vector, vector)
row_vector lmultiply(int, row_vector)
row_vector lmultiply(real, row_vector)
row_vector lmultiply(row_vector, int)
row_vector lmultiply(row_vector, real)
row_vector lmultiply(row_vector, row_vector)
matrix lmultiply(int, matrix)
matrix lmultiply(real, matrix)
matrix lmultiply(matrix, int)
matrix lmultiply(matrix, real)
matrix lmultiply(matrix, matrix)
void assign_add(vector, int)
void assign_add(vector, real)
void assign_add(vector, vector)
void assign_add(row_vector, int)
void assign_add(row_vector, real)
void assign_add(row_vector, row_vector)
void assign_add(matrix, int)
void assign_add(matrix, real)
void assign_add(matrix, matrix)
void assign_divide(vector, int)
void assign_divide(vector, real)
void assign_divide(row_vector, int)
void assign_divide(row_vector, real)
void assign_divide(matrix, int)
void assign_divide(matrix, real)
void assign_elt_divide(vector, int)
void assign_elt_divide(vector, real)
void assign_elt_divide(vector, vector)
void assign_elt_divide(row_vector, int)
void assign_elt_divide(row_vector, real)
void assign_elt_divide(row_vector, row_vector)
void assign_elt_divide(matrix, int)
void assign_elt_divide(matrix, real)
void assign_elt_divide(matrix, matrix)
void assign_elt_times(vector, vector)
void assign_elt_times(row_vector, row_vector)
void assign_elt_times(matrix, matrix)
void assign_multiply(vector, int)
void assign_multiply(vector, real)
void assign_multiply(row_vector, int)
void assign_multiply(row_vector, real)
void assign_multiply(row_vector, matrix)
void assign_multiply(matrix, int)
void assign_multiply(matrix, real)
void assign_multiply(matrix, matrix)
void assign_subtract(int, int)
void assign_subtract(real, int)
void assign_subtract(real, real)
void assign_subtract(vector, int)
void assign_subtract(vector, real)
void assign_subtract(vector, vector)
void assign_subtract(row_vector, int)
void assign_subtract(row_vector, real)
void assign_subtract(row_vector, row_vector)
void assign_subtract(matrix, int)
void assign_subtract(matrix, real)
void assign_subtract(matrix, matrix)
int if_else(int, int, int)
real if_else(int, real, real)
vector if_else(int, vector, vector)
row_vector if_else(int, row_vector, row_vector)
matrix if_else(int, matrix, matrix)
int[] if_else(int, int[], int[])
real[] if_else(int, real[], real[])
vector[] if_else(int, vector[], vector[])
row_vector[] if_else(int, row_vector[], row_vector[])
matrix[] if_else(int, matrix[], matrix[])
int[,] if_else(int, int[,], int[,])
real[,] if_else(int, real[,], real[,])
vector[,] if_else(int, vector[,], vector[,])
row_vector[,] if_else(int, row_vector[,], row_vector[,])
matrix[,] if_else(int, matrix[,], matrix[,])
int[,,] if_else(int, int[,,], int[,,])
real[,,] if_else(int, real[,,], real[,,])
vector[,,] if_else(int, vector[,,], vector[,,])
row_vector[,,] if_else(int, row_vector[,,], row_vector[,,])
matrix[,,] if_else(int, matrix[,,], matrix[,,])
int[,,,] if_else(int, int[,,,], int[,,,])
real[,,,] if_else(int, real[,,,], real[,,,])
vector[,,,] if_else(int, vector[,,,], vector[,,,])
row_vector[,,,] if_else(int, row_vector[,,,], row_vector[,,,])
matrix[,,,] if_else(int, matrix[,,,], matrix[,,,])
int[,,,,] if_else(int, int[,,,,], int[,,,,])
real[,,,,] if_else(int, real[,,,,], real[,,,,])
vector[,,,,] if_else(int, vector[,,,,], vector[,,,,])
row_vector[,,,,] if_else(int, row_vector[,,,,], row_vector[,,,,])
matrix[,,,,] if_else(int, matrix[,,,,], matrix[,,,,])
int[,,,,,] if_else(int, int[,,,,,], int[,,,,,])
real[,,,,,] if_else(int, real[,,,,,], real[,,,,,])
vector[,,,,,] if_else(int, vector[,,,,,], vector[,,,,,])
row_vector[,,,,,] if_else(int, row_vector[,,,,,], row_vector[,,,,,])
matrix[,,,,,] if_else(int, matrix[,,,,,], matrix[,,,,,])
int[,,,,,,] if_else(int, int[,,,,,,], int[,,,,,,])
real[,,,,,,] if_else(int, real[,,,,,,], real[,,,,,,])
vector[,,,,,,] if_else(int, vector[,,,,,,], vector[,,,,,,])
row_vector[,,,,,,] if_else(int, row_vector[,,,,,,], row_vector[,,,,,,])
matrix[,,,,,,] if_else(int, matrix[,,,,,,], matrix[,,,,,,])
